// Jest Snapshot v1, https://goo.gl/fbAQLP

exports[`renders a snapshot 1`] = `
<StyledAddress__StyledAddressContainer
  noMargin={false}
>
  <StyledAddress__StyledIdenticon
    address="0x7b3cc5fc0f03a17259d575d62cb82182de07b961"
  />
  <Styled(styled.p)
    muted={true}
    noMargin={true}
  >
    0x7b3cc5fc0f03a17259d575d62cb82182de07b961
  </Styled(styled.p)>
</StyledAddress__StyledAddressContainer>
`;
